[GET] /erro 8/9/2022, 8:45:20 PM - error: [object Object]
